// Vitest Snapshot v1, https://vitest.dev/guide/snapshot.html

exports[`use-css-layer > static 1`] = `
"/* layer: shortcuts */
@layer shortcuts{
.abc{name:bar1;name:bar2;name:4;}
}
/* layer: a */
@layer a{
.a{name:bar1;}
}
/* layer: b */
@layer b{
.b{name:bar2;}
}
/* layer: c */
@layer c{
.c5{name:5;}
}
/* layer: d */
@layer d{
/* RAW 4 */
/* RAW 3 */
}
/* layer: s */
@layer s{
.abcd{name:bar1;name:bar2;name:2;}
}"
`;
